Your environment has been set up for using Node.js 8.11.2 (x64) and npm.

C:\Users\Pritam>D:

D:\>cd E:\Code\Java\AngularCLI\PWA

D:\>E:

E:\Code\Java\AngularCLI\PWA>ng -v
Available Commands:
  add Adds support for an external library to your project.
  build (b) Compiles an Angular app into an output directory named dist/ at the given output path. Must be executed from within a workspace directory.
  config Retrieves or sets Angular configuration values in the angular.json file for the workspace.
  doc (d) Opens the official Angular documentation (angular.io) in a browser, and searches for a given keyword.
  e2e (e) Builds and serves an Angular app, then runs end-to-end tests using Protractor.
  generate (g) Generates and/or modifies files based on a schematic.
  help Lists available commands and their short descriptions.
  lint (l) Runs linting tools on Angular app code in a given project folder.
  new (n) Creates a new workspace and an initial Angular app.
  run Runs an Architect target with an optional custom builder configuration defined in your project.
  serve (s) Builds and serves your app, rebuilding on file changes.
  test (t) Runs unit tests in a project.
  update Updates your application and its dependencies. See https://update.angular.io/
  version (v) Outputs Angular CLI version.
  xi18n Extracts i18n messages from source code.

For more detailed help run "ng [command name] --help"

E:\Code\Java\AngularCLI\PWA>ng new myjokes
? Would you like to add Angular routing? Yes
? Which stylesheet format would you like to use? CSS
CREATE myjokes/angular.json (3777 bytes)
CREATE myjokes/package.json (1306 bytes)
CREATE myjokes/README.md (1024 bytes)
CREATE myjokes/tsconfig.json (435 bytes)
CREATE myjokes/tslint.json (2824 bytes)
CREATE myjokes/.editorconfig (246 bytes)
CREATE myjokes/.gitignore (576 bytes)
CREATE myjokes/src/favicon.ico (5430 bytes)
CREATE myjokes/src/index.html (294 bytes)
CREATE myjokes/src/main.ts (372 bytes)
CREATE myjokes/src/polyfills.ts (3694 bytes)
CREATE myjokes/src/test.ts (642 bytes)
CREATE myjokes/src/styles.css (80 bytes)
CREATE myjokes/src/browserslist (388 bytes)
CREATE myjokes/src/karma.conf.js (980 bytes)
CREATE myjokes/src/tsconfig.app.json (166 bytes)
CREATE myjokes/src/tsconfig.spec.json (256 bytes)
CREATE myjokes/src/tslint.json (314 bytes)
CREATE myjokes/src/assets/.gitkeep (0 bytes)
CREATE myjokes/src/environments/environment.prod.ts (51 bytes)
CREATE myjokes/src/environments/environment.ts (662 bytes)
CREATE myjokes/src/app/app-routing.module.ts (245 bytes)
CREATE myjokes/src/app/app.module.ts (393 bytes)
CREATE myjokes/src/app/app.component.html (1152 bytes)
CREATE myjokes/src/app/app.component.spec.ts (1098 bytes)
CREATE myjokes/src/app/app.component.ts (211 bytes)
CREATE myjokes/src/app/app.component.css (0 bytes)
CREATE myjokes/e2e/protractor.conf.js (752 bytes)
CREATE myjokes/e2e/tsconfig.e2e.json (213 bytes)
CREATE myjokes/e2e/src/app.e2e-spec.ts (299 bytes)
CREATE myjokes/e2e/src/app.po.ts (204 bytes)
npm WARN deprecated circular-json@0.5.9: CircularJSON is in maintenance only, flatted is its successor.

> node-sass@4.10.0 install E:\Code\Java\AngularCLI\PWA\myjokes\node_modules\node-sass
> node scripts/install.js

Cached binary found at C:\Users\Pritam\AppData\Roaming\npm-cache\node-sass\4.10.0\win32-x64-57_binding.node

> node-sass@4.10.0 postinstall E:\Code\Java\AngularCLI\PWA\myjokes\node_modules\node-sass
> node scripts/build.js

Binary found at E:\Code\Java\AngularCLI\PWA\myjokes\node_modules\node-sass\vendor\win32-x64-57\binding.node
Testing binary
Binary is fine
npm WARN ajv-keywords@3.4.0 requires a peer of ajv@^6.9.1 but none is installed. You must install peer dependencies yourself.
npm WARN optional SKIPPING OPTIONAL DEPENDENCY: fsevents@1.2.7 (node_modules\fsevents):
npm WARN notsup SKIPPING OPTIONAL DEPENDENCY: Unsupported platform for fsevents@1.2.7: wanted {"os":"darwin","arch":"any"} (current: {"os":"win32","arch":"x64"})

added 1134 packages in 227.233s
warning: LF will be replaced by CRLF in .editorconfig.
The file will have its original line endings in your working directory.
warning: LF will be replaced by CRLF in .gitignore.
The file will have its original line endings in your working directory.
warning: LF will be replaced by CRLF in README.md.
The file will have its original line endings in your working directory.
warning: LF will be replaced by CRLF in angular.json.
The file will have its original line endings in your working directory.
warning: LF will be replaced by CRLF in e2e/protractor.conf.js.
The file will have its original line endings in your working directory.
warning: LF will be replaced by CRLF in e2e/src/app.e2e-spec.ts.
The file will have its original line endings in your working directory.
warning: LF will be replaced by CRLF in e2e/src/app.po.ts.
The file will have its original line endings in your working directory.
warning: LF will be replaced by CRLF in e2e/tsconfig.e2e.json.
The file will have its original line endings in your working directory.
warning: LF will be replaced by CRLF in package-lock.json.
The file will have its original line endings in your working directory.
warning: LF will be replaced by CRLF in package.json.
The file will have its original line endings in your working directory.
warning: LF will be replaced by CRLF in src/app/app-routing.module.ts.
The file will have its original line endings in your working directory.
warning: LF will be replaced by CRLF in src/app/app.component.html.
The file will have its original line endings in your working directory.
warning: LF will be replaced by CRLF in src/app/app.component.spec.ts.
The file will have its original line endings in your working directory.
warning: LF will be replaced by CRLF in src/app/app.component.ts.
The file will have its original line endings in your working directory.
warning: LF will be replaced by CRLF in src/app/app.module.ts.
The file will have its original line endings in your working directory.
warning: LF will be replaced by CRLF in src/browserslist.
The file will have its original line endings in your working directory.
warning: LF will be replaced by CRLF in src/environments/environment.prod.ts.
The file will have its original line endings in your working directory.
warning: LF will be replaced by CRLF in src/environments/environment.ts.
The file will have its original line endings in your working directory.
warning: LF will be replaced by CRLF in src/index.html.
The file will have its original line endings in your working directory.
warning: LF will be replaced by CRLF in src/karma.conf.js.
The file will have its original line endings in your working directory.
warning: LF will be replaced by CRLF in src/main.ts.
The file will have its original line endings in your working directory.
warning: LF will be replaced by CRLF in src/polyfills.ts.
The file will have its original line endings in your working directory.
warning: LF will be replaced by CRLF in src/styles.css.
The file will have its original line endings in your working directory.
warning: LF will be replaced by CRLF in src/test.ts.
The file will have its original line endings in your working directory.
warning: LF will be replaced by CRLF in src/tsconfig.app.json.
The file will have its original line endings in your working directory.
warning: LF will be replaced by CRLF in src/tsconfig.spec.json.
The file will have its original line endings in your working directory.
warning: LF will be replaced by CRLF in src/tslint.json.
The file will have its original line endings in your working directory.
warning: LF will be replaced by CRLF in tsconfig.json.
The file will have its original line endings in your working directory.
warning: LF will be replaced by CRLF in tslint.json.
The file will have its original line endings in your working directory.
    Successfully initialized git.

E:\Code\Java\AngularCLI\PWA>npm i @angular/pwa
npm ERR! Unexpected end of JSON input while parsing near '...cies":{"@schematics/a'

npm ERR! A complete log of this run can be found in:
npm ERR!     C:\Users\Pritam\AppData\Roaming\npm-cache\_logs\2019-02-13T17_57_27_080Z-debug.log

E:\Code\Java\AngularCLI\PWA>3\ng update @angular/cli
The system cannot find the path specified.

E:\Code\Java\AngularCLI\PWA>npm cache clean --force
npm WARN using --force I sure hope you know what you are doing.

E:\Code\Java\AngularCLI\PWA>npm i @angular/pwa
npm WARN saveError ENOENT: no such file or directory, open 'E:\Code\Java\AngularCLI\PWA\package.json'
npm notice created a lockfile as package-lock.json. You should commit this file.
npm WARN enoent ENOENT: no such file or directory, open 'E:\Code\Java\AngularCLI\PWA\package.json'
npm WARN PWA No description
npm WARN PWA No repository field.
npm WARN PWA No README data
npm WARN PWA No license field.
npm WARN optional SKIPPING OPTIONAL DEPENDENCY: fsevents@1.2.7 (node_modules\fsevents):
npm WARN notsup SKIPPING OPTIONAL DEPENDENCY: Unsupported platform for fsevents@1.2.7: wanted {"os":"darwin","arch":"any"} (current: {"os":"win32","arch":"x64"})

+ @angular/pwa@0.13.1
added 151 packages in 111.519s

E:\Code\Java\AngularCLI\PWA>cd myjokes

E:\Code\Java\AngularCLI\PWA\myjokes>ng build --prod

Date: 2019-02-13T18:04:19.236Z
Hash: df89cb4cbf109bc52f90
Time: 37935ms
chunk {0} runtime.ec2944dd8b20ec099bf3.js (runtime) 1.41 kB [entry] [rendered]
chunk {1} main.434af741bd22ce2361fa.js (main) 262 kB [initial] [rendered]
chunk {2} polyfills.e254f6b9bf511460eb6d.js (polyfills) 41 kB [initial] [rendered]
chunk {3} styles.3ff695c00d717f2d2a11.css (styles) 0 bytes [initial] [rendered]

E:\Code\Java\AngularCLI\PWA\myjokes>cd dist

E:\Code\Java\AngularCLI\PWA\myjokes\dist>cd myjokes

E:\Code\Java\AngularCLI\PWA\myjokes\dist\myjokes>http-server -o
Starting up http-server, serving ./
Available on:
  http://192.168.230.1:8080
  http://192.168.92.1:8080
  http://192.168.43.11:8080
  http://127.0.0.1:8080
Hit CTRL-C to stop the server
[Wed Feb 13 2019 23:34:58 GMT+0530 (India Standard Time)] "GET /" "Mozilla/5.0 (Windows NT 10.0; Win64; x64) AppleWebKit/537.36 (KHTML, like Gecko) Chrome/64.0.3282.140 Safari/537.36 Edge/17.17134"
[Wed Feb 13 2019 23:34:58 GMT+0530 (India Standard Time)] "GET /styles.3ff695c00d717f2d2a11.css" "Mozilla/5.0 (Windows NT 10.0; Win64; x64) AppleWebKit/537.36 (KHTML, like Gecko) Chrome/64.0.3282.140 Safari/537.36 Edge/17.17134"
[Wed Feb 13 2019 23:34:58 GMT+0530 (India Standard Time)] "GET /polyfills.e254f6b9bf511460eb6d.js" "Mozilla/5.0 (Windows NT 10.0; Win64; x64) AppleWebKit/537.36 (KHTML, like Gecko) Chrome/64.0.3282.140 Safari/537.36 Edge/17.17134"
[Wed Feb 13 2019 23:34:58 GMT+0530 (India Standard Time)] "GET /runtime.ec2944dd8b20ec099bf3.js" "Mozilla/5.0 (Windows NT 10.0; Win64; x64) AppleWebKit/537.36 (KHTML, like Gecko) Chrome/64.0.3282.140 Safari/537.36 Edge/17.17134"
[Wed Feb 13 2019 23:34:58 GMT+0530 (India Standard Time)] "GET /main.434af741bd22ce2361fa.js" "Mozilla/5.0 (Windows NT 10.0; Win64; x64) AppleWebKit/537.36 (KHTML, like Gecko) Chrome/64.0.3282.140 Safari/537.36 Edge/17.17134"
http-server stopped.

E:\Code\Java\AngularCLI\PWA\myjokes\dist\myjokes>cd..

E:\Code\Java\AngularCLI\PWA\myjokes\dist>cd..

E:\Code\Java\AngularCLI\PWA\myjokes>ng serve
** Angular Live Development Server is listening on localhost:4200, open your browser on http://localhost:4200/ **

Date: 2019-02-13T18:05:59.995Z
Hash: 311ce43868aa91a40720
Time: 12610ms
chunk {main} main.js, main.js.map (main) 11.5 kB [initial] [rendered]
chunk {polyfills} polyfills.js, polyfills.js.map (polyfills) 237 kB [initial] [rendered]
chunk {runtime} runtime.js, runtime.js.map (runtime) 6.08 kB [entry] [rendered]
chunk {styles} styles.js, styles.js.map (styles) 16.3 kB [initial] [rendered]
chunk {vendor} vendor.js, vendor.js.map (vendor) 3.67 MB [initial] [rendered]
i ｢wdm｣: Compiled successfully.
i ｢wdm｣: Compiling...

Date: 2019-02-13T18:08:23.335Z - Hash: 311ce43868aa91a40720 - Time: 9209ms
5 unchanged chunks
i ｢wdm｣: Compiled successfully.
i ｢wdm｣: Compiling...
i ｢wdm｣: wait until bundle finished: /

Date: 2019-02-13T18:08:27.879Z - Hash: 311ce43868aa91a40720 - Time: 3805ms
5 unchanged chunks
i ｢wdm｣: Compiled successfully.
i ｢wdm｣: Compiling...

Date: 2019-02-13T18:11:10.585Z - Hash: 311ce43868aa91a40720 - Time: 4375ms
5 unchanged chunks
i ｢wdm｣: Compiled successfully.
^CTerminate batch job (Y/N)? y

E:\Code\Java\AngularCLI\PWA\myjokes>npm i @angular/pwa
npm WARN ajv-keywords@3.4.0 requires a peer of ajv@^6.9.1 but none is installed. You must install peer dependencies yourself.
npm WARN optional SKIPPING OPTIONAL DEPENDENCY: fsevents@1.2.7 (node_modules\fsevents):
npm WARN notsup SKIPPING OPTIONAL DEPENDENCY: Unsupported platform for fsevents@1.2.7: wanted {"os":"darwin","arch":"any"} (current: {"os":"win32","arch":"x64"})

+ @angular/pwa@0.13.1
added 10 packages in 29.674s

E:\Code\Java\AngularCLI\PWA\myjokes>ng build --prod

Date: 2019-02-13T18:13:45.898Z
Hash: df89cb4cbf109bc52f90
Time: 24306ms
chunk {0} runtime.ec2944dd8b20ec099bf3.js (runtime) 1.41 kB [entry] [rendered]
chunk {1} main.434af741bd22ce2361fa.js (main) 262 kB [initial] [rendered]
chunk {2} polyfills.e254f6b9bf511460eb6d.js (polyfills) 41 kB [initial] [rendered]
chunk {3} styles.3ff695c00d717f2d2a11.css (styles) 0 bytes [initial] [rendered]

E:\Code\Java\AngularCLI\PWA\myjokes>cd dist

E:\Code\Java\AngularCLI\PWA\myjokes\dist>cd myjokes

E:\Code\Java\AngularCLI\PWA\myjokes\dist\myjokes>http-server -o
Starting up http-server, serving ./
Available on:
  http://192.168.230.1:8080
  http://192.168.92.1:8080
  http://192.168.43.11:8080
  http://127.0.0.1:8080
Hit CTRL-C to stop the server
[Wed Feb 13 2019 23:44:37 GMT+0530 (India Standard Time)] "GET /" "Mozilla/5.0 (Windows NT 10.0; Win64; x64) AppleWebKit/537.36 (KHTML, like Gecko) Chrome/71.0.3578.98 Safari/537.36"
[Wed Feb 13 2019 23:44:37 GMT+0530 (India Standard Time)] "GET /styles.3ff695c00d717f2d2a11.css" "Mozilla/5.0 (Windows NT 10.0; Win64; x64) AppleWebKit/537.36 (KHTML, like Gecko) Chrome/71.0.3578.98 Safari/537.36"
[Wed Feb 13 2019 23:44:37 GMT+0530 (India Standard Time)] "GET /runtime.ec2944dd8b20ec099bf3.js" "Mozilla/5.0 (Windows NT 10.0; Win64; x64) AppleWebKit/537.36 (KHTML, like Gecko) Chrome/71.0.3578.98 Safari/537.36"
[Wed Feb 13 2019 23:44:37 GMT+0530 (India Standard Time)] "GET /polyfills.e254f6b9bf511460eb6d.js" "Mozilla/5.0 (Windows NT 10.0; Win64; x64) AppleWebKit/537.36 (KHTML, like Gecko) Chrome/71.0.3578.98 Safari/537.36"
[Wed Feb 13 2019 23:44:37 GMT+0530 (India Standard Time)] "GET /main.434af741bd22ce2361fa.js" "Mozilla/5.0 (Windows NT 10.0; Win64; x64) AppleWebKit/537.36 (KHTML, like Gecko) Chrome/71.0.3578.98 Safari/537.36"
[Wed Feb 13 2019 23:44:57 GMT+0530 (India Standard Time)] "GET /" "Mozilla/5.0 (Linux; Android 8.0; Pixel 2 Build/OPD3.170816.012) AppleWebKit/537.36 (KHTML, like Gecko) Chrome/71.0.3578.98 Mobile Safari/537.36"
[Wed Feb 13 2019 23:45:14 GMT+0530 (India Standard Time)] "GET /" "Mozilla/5.0 (Linux; Android 8.0; Pixel 2 Build/OPD3.170816.012) AppleWebKit/537.36 (KHTML, like Gecko) Chrome/71.0.3578.98 Mobile Safari/537.36"
[Wed Feb 13 2019 23:56:36 GMT+0530 (India Standard Time)] "GET /" "Mozilla/5.0 (Linux; Android 8.0; Pixel 2 Build/OPD3.170816.012) AppleWebKit/537.36 (KHTML, like Gecko) Chrome/71.0.3578.98 Mobile Safari/537.36"
http-server stopped.

E:\Code\Java\AngularCLI\PWA\myjokes\dist\myjokes>cd..

E:\Code\Java\AngularCLI\PWA\myjokes\dist>
E:\Code\Java\AngularCLI\PWA\myjokes\dist>cd..

E:\Code\Java\AngularCLI\PWA\myjokes>ng add @angular/pwa
Installing packages for tooling via npm.
npm WARN ajv-keywords@3.4.0 requires a peer of ajv@^6.9.1 but none is installed. You must install peer dependencies yourself.
npm WARN optional SKIPPING OPTIONAL DEPENDENCY: fsevents@1.2.7 (node_modules\fsevents):
npm WARN notsup SKIPPING OPTIONAL DEPENDENCY: Unsupported platform for fsevents@1.2.7: wanted {"os":"darwin","arch":"any"} (current: {"os":"win32","arch":"x64"})

+ @angular/pwa@0.13.1
updated 1 package in 18.524s
Installed packages for tooling via npm.
CREATE ngsw-config.json (441 bytes)
CREATE src/manifest.webmanifest (1071 bytes)
CREATE src/assets/icons/icon-128x128.png (1253 bytes)
CREATE src/assets/icons/icon-144x144.png (1394 bytes)
CREATE src/assets/icons/icon-152x152.png (1427 bytes)
CREATE src/assets/icons/icon-192x192.png (1790 bytes)
CREATE src/assets/icons/icon-384x384.png (3557 bytes)
CREATE src/assets/icons/icon-512x512.png (5008 bytes)
CREATE src/assets/icons/icon-72x72.png (792 bytes)
CREATE src/assets/icons/icon-96x96.png (958 bytes)
UPDATE angular.json (3898 bytes)
UPDATE package.json (1378 bytes)
UPDATE src/app/app.module.ts (604 bytes)
UPDATE src/index.html (476 bytes)
npm WARN ajv-keywords@3.4.0 requires a peer of ajv@^6.9.1 but none is installed. You must install peer dependencies yourself.
npm WARN optional SKIPPING OPTIONAL DEPENDENCY: fsevents@1.2.7 (node_modules\fsevents):
npm WARN notsup SKIPPING OPTIONAL DEPENDENCY: Unsupported platform for fsevents@1.2.7: wanted {"os":"darwin","arch":"any"} (current: {"os":"win32","arch":"x64"})

added 1 package in 17.216s

E:\Code\Java\AngularCLI\PWA\myjokes>ng build --prod

Date: 2019-02-13T18:43:11.463Z
Hash: dff77f538cfcd20f4f5e
Time: 35328ms
chunk {0} runtime.ec2944dd8b20ec099bf3.js (runtime) 1.41 kB [entry] [rendered]
chunk {1} main.addf96ab199d019bba5c.js (main) 268 kB [initial] [rendered]
chunk {2} polyfills.e254f6b9bf511460eb6d.js (polyfills) 41 kB [initial] [rendered]
chunk {3} styles.3ff695c00d717f2d2a11.css (styles) 0 bytes [initial] [rendered]

E:\Code\Java\AngularCLI\PWA\myjokes>cd dist

E:\Code\Java\AngularCLI\PWA\myjokes\dist>cd myjokes

E:\Code\Java\AngularCLI\PWA\myjokes\dist\myjokes>http-server -o
Starting up http-server, serving ./
Available on:
  http://192.168.230.1:8080
  http://192.168.92.1:8080
  http://192.168.43.11:8080
  http://127.0.0.1:8080
Hit CTRL-C to stop the server
[Thu Feb 14 2019 00:13:51 GMT+0530 (India Standard Time)] "GET /" "Mozilla/5.0 (Linux; Android 8.0; Pixel 2 Build/OPD3.170816.012) AppleWebKit/537.36 (KHTML, like Gecko) Chrome/71.0.3578.98 Mobile Safari/537.36"
[Thu Feb 14 2019 00:13:51 GMT+0530 (India Standard Time)] "GET /main.addf96ab199d019bba5c.js" "Mozilla/5.0 (Linux; Android 8.0; Pixel 2 Build/OPD3.170816.012) AppleWebKit/537.36 (KHTML, like Gecko) Chrome/71.0.3578.98 Mobile Safari/537.36"
[Thu Feb 14 2019 00:13:51 GMT+0530 (India Standard Time)] "GET /manifest.webmanifest" "Mozilla/5.0 (Linux; Android 8.0; Pixel 2 Build/OPD3.170816.012) AppleWebKit/537.36 (KHTML, like Gecko) Chrome/71.0.3578.98 Mobile Safari/537.36"
[Thu Feb 14 2019 00:13:51 GMT+0530 (India Standard Time)] "GET /assets/icons/icon-72x72.png" "Mozilla/5.0 (Windows NT 10.0; Win64; x64) AppleWebKit/537.36 (KHTML, like Gecko) Chrome/71.0.3578.98 Safari/537.36"
[Thu Feb 14 2019 00:13:51 GMT+0530 (India Standard Time)] "GET /assets/icons/icon-96x96.png" "Mozilla/5.0 (Windows NT 10.0; Win64; x64) AppleWebKit/537.36 (KHTML, like Gecko) Chrome/71.0.3578.98 Safari/537.36"
[Thu Feb 14 2019 00:13:51 GMT+0530 (India Standard Time)] "GET /assets/icons/icon-128x128.png" "Mozilla/5.0 (Windows NT 10.0; Win64; x64) AppleWebKit/537.36 (KHTML, like Gecko) Chrome/71.0.3578.98 Safari/537.36"
[Thu Feb 14 2019 00:13:51 GMT+0530 (India Standard Time)] "GET /assets/icons/icon-144x144.png" "Mozilla/5.0 (Windows NT 10.0; Win64; x64) AppleWebKit/537.36 (KHTML, like Gecko) Chrome/71.0.3578.98 Safari/537.36"
[Thu Feb 14 2019 00:13:51 GMT+0530 (India Standard Time)] "GET /assets/icons/icon-152x152.png" "Mozilla/5.0 (Windows NT 10.0; Win64; x64) AppleWebKit/537.36 (KHTML, like Gecko) Chrome/71.0.3578.98 Safari/537.36"
[Thu Feb 14 2019 00:13:51 GMT+0530 (India Standard Time)] "GET /assets/icons/icon-192x192.png" "Mozilla/5.0 (Windows NT 10.0; Win64; x64) AppleWebKit/537.36 (KHTML, like Gecko) Chrome/71.0.3578.98 Safari/537.36"
[Thu Feb 14 2019 00:13:52 GMT+0530 (India Standard Time)] "GET /assets/icons/icon-384x384.png" "Mozilla/5.0 (Windows NT 10.0; Win64; x64) AppleWebKit/537.36 (KHTML, like Gecko) Chrome/71.0.3578.98 Safari/537.36"
[Thu Feb 14 2019 00:13:52 GMT+0530 (India Standard Time)] "GET /assets/icons/icon-512x512.png" "Mozilla/5.0 (Windows NT 10.0; Win64; x64) AppleWebKit/537.36 (KHTML, like Gecko) Chrome/71.0.3578.98 Safari/537.36"
[Thu Feb 14 2019 00:13:52 GMT+0530 (India Standard Time)] "GET /ngsw-worker.js" "Mozilla/5.0 (Linux; Android 8.0; Pixel 2 Build/OPD3.170816.012) AppleWebKit/537.36 (KHTML, like Gecko) Chrome/71.0.3578.98 Mobile Safari/537.36"
[Thu Feb 14 2019 00:13:52 GMT+0530 (India Standard Time)] "GET /ngsw.json?ngsw-cache-bust=0.48362351938267234" "Mozilla/5.0 (Linux; Android 8.0; Pixel 2 Build/OPD3.170816.012) AppleWebKit/537.36 (KHTML, like Gecko) Chrome/71.0.3578.98 Mobile Safari/537.36"
[Thu Feb 14 2019 00:13:57 GMT+0530 (India Standard Time)] "GET /favicon.ico" "Mozilla/5.0 (Windows NT 10.0; Win64; x64) AppleWebKit/537.36 (KHTML, like Gecko) Chrome/71.0.3578.98 Safari/537.36"
[Thu Feb 14 2019 00:13:57 GMT+0530 (India Standard Time)] "GET /index.html" "Mozilla/5.0 (Windows NT 10.0; Win64; x64) AppleWebKit/537.36 (KHTML, like Gecko) Chrome/71.0.3578.98 Safari/537.36"
> http-server stopped.

E:\Code\Java\AngularCLI\PWA\myjokes\dist\myjokes>cd..

E:\Code\Java\AngularCLI\PWA\myjokes\dist>cd..

E:\Code\Java\AngularCLI\PWA\myjokes>ng g s data
CREATE src/app/data.service.spec.ts (323 bytes)
CREATE src/app/data.service.ts (133 bytes)

E:\Code\Java\AngularCLI\PWA\myjokes>ng serve
** Angular Live Development Server is listening on localhost:4200, open your browser on http://localhost:4200/ **

Date: 2019-02-13T19:30:47.342Z
Hash: 5c378f8e683979b13398
Time: 16207ms
chunk {main} main.js, main.js.map (main) 14 kB [initial] [rendered]
chunk {polyfills} polyfills.js, polyfills.js.map (polyfills) 237 kB [initial] [rendered]
chunk {runtime} runtime.js, runtime.js.map (runtime) 6.08 kB [entry] [rendered]
chunk {styles} styles.js, styles.js.map (styles) 17 kB [initial] [rendered]
chunk {vendor} vendor.js, vendor.js.map (vendor) 3.77 MB [initial] [rendered]
i ｢wdm｣: Compiled successfully.
^CTerminate batch job (Y/N)? y

E:\Code\Java\AngularCLI\PWA\myjokes>ng build --prod

Date: 2019-02-13T19:33:02.767Z
Hash: 438d10830c35666b697e
Time: 37764ms
chunk {0} runtime.ec2944dd8b20ec099bf3.js (runtime) 1.41 kB [entry] [rendered]
chunk {1} main.36ee72be87f738e93e33.js (main) 284 kB [initial] [rendered]
chunk {2} polyfills.e254f6b9bf511460eb6d.js (polyfills) 41 kB [initial] [rendered]
chunk {3} styles.988047d82be7e66c2746.css (styles) 165 bytes [initial] [rendered]

E:\Code\Java\AngularCLI\PWA\myjokes>cd dist

E:\Code\Java\AngularCLI\PWA\myjokes\dist>cd myjokes

E:\Code\Java\AngularCLI\PWA\myjokes\dist\myjokes>http-server -o
Starting up http-server, serving ./
Available on:
  http://192.168.230.1:8080
  http://192.168.92.1:8080
  http://192.168.43.11:8080
  http://127.0.0.1:8080
Hit CTRL-C to stop the server
[Thu Feb 14 2019 01:03:20 GMT+0530 (India Standard Time)] "GET /" "Mozilla/5.0 (Windows NT 10.0; Win64; x64) AppleWebKit/537.36 (KHTML, like Gecko) Chrome/64.0.3282.140 Safari/537.36 Edge/17.17134"
[Thu Feb 14 2019 01:03:20 GMT+0530 (India Standard Time)] "GET /runtime.ec2944dd8b20ec099bf3.js" "Mozilla/5.0 (Windows NT 10.0; Win64; x64) AppleWebKit/537.36 (KHTML, like Gecko) Chrome/64.0.3282.140 Safari/537.36 Edge/17.17134"
[Thu Feb 14 2019 01:03:20 GMT+0530 (India Standard Time)] "GET /polyfills.e254f6b9bf511460eb6d.js" "Mozilla/5.0 (Windows NT 10.0; Win64; x64) AppleWebKit/537.36 (KHTML, like Gecko) Chrome/64.0.3282.140 Safari/537.36 Edge/17.17134"
[Thu Feb 14 2019 01:03:20 GMT+0530 (India Standard Time)] "GET /styles.988047d82be7e66c2746.css" "Mozilla/5.0 (Windows NT 10.0; Win64; x64) AppleWebKit/537.36 (KHTML, like Gecko) Chrome/64.0.3282.140 Safari/537.36 Edge/17.17134"
[Thu Feb 14 2019 01:03:20 GMT+0530 (India Standard Time)] "GET /main.36ee72be87f738e93e33.js" "Mozilla/5.0 (Windows NT 10.0; Win64; x64) AppleWebKit/537.36 (KHTML, like Gecko) Chrome/64.0.3282.140 Safari/537.36 Edge/17.17134"
[Thu Feb 14 2019 01:03:25 GMT+0530 (India Standard Time)] "GET /ngsw-worker.js" "Mozilla/5.0 (Windows NT 10.0; Win64; x64) AppleWebKit/537.36 (KHTML, like Gecko) Chrome/64.0.3282.140 Safari/537.36 Edge/17.17134"
[Thu Feb 14 2019 01:03:32 GMT+0530 (India Standard Time)] "GET /ngsw-worker.js" "Mozilla/5.0 (Windows NT 10.0; Win64; x64) AppleWebKit/537.36 (KHTML, like Gecko) Chrome/71.0.3578.98 Safari/537.36"
[Thu Feb 14 2019 01:03:37 GMT+0530 (India Standard Time)] "GET /ngsw-worker.js" "Mozilla/5.0 (Windows NT 10.0; Win64; x64) AppleWebKit/537.36 (KHTML, like Gecko) Chrome/71.0.3578.98 Safari/537.36"
[Thu Feb 14 2019 01:03:39 GMT+0530 (India Standard Time)] "GET /ngsw-worker.js" "Mozilla/5.0 (Windows NT 10.0; Win64; x64) AppleWebKit/537.36 (KHTML, like Gecko) Chrome/71.0.3578.98 Safari/537.36"
[Thu Feb 14 2019 01:03:46 GMT+0530 (India Standard Time)] "GET /ngsw.json?ngsw-cache-bust=0.39473702590660076" "Mozilla/5.0 (Windows NT 10.0; Win64; x64) AppleWebKit/537.36 (KHTML, like Gecko) Chrome/71.0.3578.98 Safari/537.36"
[Thu Feb 14 2019 01:03:46 GMT+0530 (India Standard Time)] "GET /index.html?ngsw-cache-bust=0.7072094542097709" "Mozilla/5.0 (Windows NT 10.0; Win64; x64) AppleWebKit/537.36 (KHTML, like Gecko) Chrome/71.0.3578.98 Safari/537.36"
[Thu Feb 14 2019 01:03:46 GMT+0530 (India Standard Time)] "GET /main.36ee72be87f738e93e33.js" "Mozilla/5.0 (Windows NT 10.0; Win64; x64) AppleWebKit/537.36 (KHTML, like Gecko) Chrome/71.0.3578.98 Safari/537.36"
[Thu Feb 14 2019 01:03:46 GMT+0530 (India Standard Time)] "GET /styles.988047d82be7e66c2746.css" "Mozilla/5.0 (Windows NT 10.0; Win64; x64) AppleWebKit/537.36 (KHTML, like Gecko) Chrome/71.0.3578.98 Safari/537.36"
[Thu Feb 14 2019 01:03:53 GMT+0530 (India Standard Time)] "GET /ngsw-worker.js" "Mozilla/5.0 (Windows NT 10.0; Win64; x64) AppleWebKit/537.36 (KHTML, like Gecko) Chrome/71.0.3578.98 Safari/537.36"
[Thu Feb 14 2019 01:03:55 GMT+0530 (India Standard Time)] "GET /ngsw-worker.js" "Mozilla/5.0 (Windows NT 10.0; Win64; x64) AppleWebKit/537.36 (KHTML, like Gecko) Chrome/71.0.3578.98 Safari/537.36"
[Thu Feb 14 2019 01:04:02 GMT+0530 (India Standard Time)] "GET /ngsw.json?ngsw-cache-bust=0.875339649648565" "Mozilla/5.0 (Windows NT 10.0; Win64; x64) AppleWebKit/537.36 (KHTML, like Gecko) Chrome/71.0.3578.98 Safari/537.36"
[Thu Feb 14 2019 01:04:14 GMT+0530 (India Standard Time)] "GET /ngsw-worker.js" "Mozilla/5.0 (Windows NT 10.0; Win64; x64) AppleWebKit/537.36 (KHTML, like Gecko) Chrome/71.0.3578.98 Safari/537.36"
[Thu Feb 14 2019 01:04:17 GMT+0530 (India Standard Time)] "GET /ngsw.json?ngsw-cache-bust=0.6275799226511294" "Mozilla/5.0 (Windows NT 10.0; Win64; x64) AppleWebKit/537.36 (KHTML, like Gecko) Chrome/71.0.3578.98 Safari/537.36"
http-server stopped.

E:\Code\Java\AngularCLI\PWA\myjokes\dist\myjokes>